#-----------------------------------------------------------
# Vivado v2018.3 (64-bit)
# SW Build 2405991 on Thu Dec  6 23:38:27 MST 2018
# IP Build 2404404 on Fri Dec  7 01:43:56 MST 2018
# Start of session at: Sat May  4 17:38:09 2019
# Process ID: 2424
# Current directory: D:/SR_projekty/reka/centroid_final
# Command line: vivado.exe -gui_launcher_event rodinguilauncherevent11152 D:\SR_projekty\reka\centroid_final\centroid_final.xpr
# Log file: D:/SR_projekty/reka/centroid_final/vivado.log
# Journal file: D:/SR_projekty/reka/centroid_final\vivado.jou
#-----------------------------------------------------------
start_gui
open_project D:/SR_projekty/reka/centroid_final/centroid_final.xpr
update_compile_order -fileset sources_1
export_ip_user_files -of_objects  [get_files {{D:/SR blondynka/lab7/detect_weight_center/detect_weight_center.srcs/sim_1/imports/imports/Desktop/delay.v}}] -no_script -reset -force -quiet
export_ip_user_files -of_objects  [get_files {{D:/SR blondynka/lab7/detect_weight_center/detect_weight_center.srcs/sim_1/imports/imports/new/multiDelay.v}}] -no_script -reset -force -quiet
remove_files  -fileset sim_1 {{D:/SR blondynka/lab7/detect_weight_center/detect_weight_center.srcs/sim_1/imports/imports/Desktop/delay.v} {D:/SR blondynka/lab7/detect_weight_center/detect_weight_center.srcs/sim_1/imports/imports/new/multiDelay.v}}
reset_run div_28_20_synth_1
reset_run div_30_20_synth_1
reset_run sum_mult_synth_1
reset_run multi_deelay_0_synth_1
reset_run synth_1
launch_runs impl_1 -jobs 8
wait_on_run impl_1
ipx::package_project -root_dir d:/sr_projekty/reka/centroid_final -vendor xilinx.com -library user -taxonomy /UserIP -force
set_property core_revision 2 [ipx::current_core]
ipx::create_xgui_files [ipx::current_core]
ipx::update_checksums [ipx::current_core]
ipx::save_core [ipx::current_core]
set_property  ip_repo_paths  {d:/sr_projekty/reka/centroid_final d:/SR_projekty/reka/delay} [current_project]
update_ip_catalog
ipx::check_integrity -quiet [ipx::current_core]
ipx::archive_core {d:\sr_projekty\reka\centroid_final\xilinx.com_user_detect_weight_center_1.0.zip} [ipx::current_core]
