#-----------------------------------------------------------
# Vivado v2018.3 (64-bit)
# SW Build 2405991 on Thu Dec  6 23:38:27 MST 2018
# IP Build 2404404 on Fri Dec  7 01:43:56 MST 2018
# Start of session at: Sat May  4 16:27:51 2019
# Process ID: 7276
# Current directory: D:/SR_projekty/reka/v_centroid
# Command line: vivado.exe -gui_launcher_event rodinguilauncherevent6664 D:\SR_projekty\reka\v_centroid\v_centroid.xpr
# Log file: D:/SR_projekty/reka/v_centroid/vivado.log
# Journal file: D:/SR_projekty/reka/v_centroid\vivado.jou
#-----------------------------------------------------------
start_gui
open_project D:/SR_projekty/reka/v_centroid/v_centroid.xpr
update_compile_order -fileset sources_1
launch_simulation
source tb_hdmi.tcl
run 20 us
run 20 us
run 20 us
ipx::package_project -root_dir d:/sr_projekty/reka/v_centroid/v_centroid.srcs -vendor xilinx.com -library user -taxonomy /UserIP
set_property core_revision 2 [ipx::current_core]
ipx::create_xgui_files [ipx::current_core]
ipx::update_checksums [ipx::current_core]
ipx::save_core [ipx::current_core]
set_property  ip_repo_paths  {d:/sr_projekty/reka/v_centroid/v_centroid.srcs {d:/SR blondynka/lab6/ip_repo/vis_centroid}} [current_project]
update_ip_catalog
ipx::check_integrity -quiet [ipx::current_core]
ipx::archive_core {d:\sr_projekty\reka\v_centroid\v_centroid.srcs\xilinx.com_user_vis_centroid_1.0.zip} [ipx::current_core]
ipx::package_project -root_dir d:/sr_projekty/reka/v_centroid/v_centroid.srcs -vendor xilinx.com -library user -taxonomy /UserIP -force
set_property core_revision 2 [ipx::current_core]
ipx::create_xgui_files [ipx::current_core]
ipx::update_checksums [ipx::current_core]
ipx::save_core [ipx::current_core]
update_ip_catalog -rebuild -repo_path d:/sr_projekty/reka/v_centroid/v_centroid.srcs
ipx::check_integrity -quiet [ipx::current_core]
ipx::archive_core {d:\sr_projekty\reka\v_centroid\v_centroid.srcs\xilinx.com_user_vis_centroid_1.0.zip} [ipx::current_core]
close_sim
