#-----------------------------------------------------------
# Vivado v2018.3 (64-bit)
# SW Build 2405991 on Thu Dec  6 23:38:27 MST 2018
# IP Build 2404404 on Fri Dec  7 01:43:56 MST 2018
# Start of session at: Sat May  4 17:17:36 2019
# Process ID: 9208
# Current directory: D:/SR_projekty/reka/delay
# Command line: vivado.exe -gui_launcher_event rodinguilauncherevent11784 D:\SR_projekty\reka\delay\delay.xpr
# Log file: D:/SR_projekty/reka/delay/vivado.log
# Journal file: D:/SR_projekty/reka/delay\vivado.jou
#-----------------------------------------------------------
start_gui
open_project D:/SR_projekty/reka/delay/delay.xpr
update_compile_order -fileset sources_1
update_compile_order -fileset sources_1
update_compile_order -fileset sources_1
close [ open D:/SR_projekty/reka/delay/delay.srcs/sources_1/new/multiDelay.v w ]
add_files D:/SR_projekty/reka/delay/delay.srcs/sources_1/new/multiDelay.v
update_compile_order -fileset sources_1
update_compile_order -fileset sources_1
reset_run synth_1
launch_runs impl_1 -jobs 8
wait_on_run impl_1
ipx::package_project -root_dir d:/sr_projekty/reka/delay/delay.srcs/sources_1/new -vendor xilinx.com -library user -taxonomy /UserIP -force
set_property core_revision 2 [ipx::current_core]
ipx::create_xgui_files [ipx::current_core]
ipx::update_checksums [ipx::current_core]
ipx::save_core [ipx::current_core]
update_ip_catalog -rebuild -repo_path d:/SR_projekty/reka/delay/delay.srcs/sources_1/new
ipx::check_integrity -quiet [ipx::current_core]
ipx::archive_core {d:\sr_projekty\reka\delay\delay.srcs\sources_1\new\xilinx.com_user_multi_deelay_1.0.zip} [ipx::current_core]
